../Core/Src/main.c:143:9:Check_Internet	16	static
../Core/Src/main.c:81:5:main	240	static
../Core/Src/main.c:155:9:Connection_Status	16	static
../Core/Src/main.c:179:18:KEY_PRESS	24	static
../Core/Src/main.c:398:6:SystemClock_Config	96	static
../Core/Src/main.c:446:13:MX_RTC_Init	16	static
../Core/Src/main.c:504:13:MX_SDIO_SD_Init	4	static
../Core/Src/main.c:532:13:MX_TIM1_Init	96	static
../Core/Src/main.c:619:13:MX_USART1_UART_Init	8	static
../Core/Src/main.c:652:13:MX_GPIO_Init	48	static
../Core/Src/main.c:726:6:HAL_TIM_PeriodElapsedCallback	16	static
../Core/Src/main.c:743:6:Error_Handler	4	static,ignoring_inline_asm
