10:15:13 **** Incremental Build of configuration Debug for project Sensor_Data_Logger_PRJ ****
make -j4 all 
arm-none-eabi-gcc -o "Sensor_Data_Logger_PRJ.elf" @"objects.list"   -mcpu=cortex-m3 -T"C:\Users\pa\Desktop\Sensor_Data_Logger\Sensor_Data_Logger_PRJ\STM32F103ZETX_FLASH.ld" --specs=nosys.specs -Wl,-Map="Sensor_Data_Logger_PRJ.map" -Wl,--gc-sections -static --specs=nano.specs -mfloat-abi=soft -mthumb -u _printf_float -u _scanf_float -Wl,--start-group -lc -lm -Wl,--end-group
Finished building target: Sensor_Data_Logger_PRJ.elf
 
arm-none-eabi-size   Sensor_Data_Logger_PRJ.elf 
arm-none-eabi-objdump -h -S  Sensor_Data_Logger_PRJ.elf  > "Sensor_Data_Logger_PRJ.list"
arm-none-eabi-objcopy  -O ihex  Sensor_Data_Logger_PRJ.elf  "Sensor_Data_Logger_PRJ.hex"
   text	   data	    bss	    dec	    hex	filename
  44588	    488	   1976	  47052	   b7cc	Sensor_Data_Logger_PRJ.elf
Finished building: default.size.stdout
 
Finished building: Sensor_Data_Logger_PRJ.hex
 
Finished building: Sensor_Data_Logger_PRJ.list
 
